[0m[[0m[0mdebug[0m] [0m[0m> Exec(sbtStashOnFailure, None, None)[0m
[0m[[0m[0mdebug[0m] [0m[0m> Exec(sbtMapExec 4eac4280-0943-44bd-87dd-7a676dad2088 __1945a2c2-891b-4f3b-98e0-1d30e07d7435, None, None)[0m
[0m[[0m[0mdebug[0m] [0m[0m> Exec(run, Some(__1945a2c2-891b-4f3b-98e0-1d30e07d7435), Some(CommandSource(network-44)))[0m
[0m[[0m[0mdebug[0m] [0m[0mjsonRpcNotify: JsonRpcNotificationMessage(2.0, build/logMessage, {"type":4,"message":"Processing sbt/exec"})[0m
[0m[[0m[0mdebug[0m] [0m[0mEvaluating tasks: Compile / run[0m
[0m[[0m[0mdebug[0m] [0m[0mRunning task... Cancel: Signal, check cycles: false, forcegc: true[0m
[0m[[0m[0mdebug[0m] [0m[0mjsonRpcNotify: JsonRpcNotificationMessage(2.0, build/taskStart, {"taskId":{"id":"44","parents":[]},"eventTime":1789637543883,"message":"Compiling torneo-twenty-one","dataKind":"compile-task","data":{"target":{"uri":"file:/C:/Users/AlumnoM_AI/Desktop/Clases/17-09-2026/borradores/Parte3_proyectoscala/torneo-twenty-one/#torneo-twenty-one/Compile"}}})[0m
[0m[[0m[0minfo[0m] [0m[0mcompiling 1 Scala source to C:\Users\AlumnoM_AI\Desktop\Clases\17-09-2026\borradores\Parte3_proyectoscala\torneo-twenty-one\target\out\jvm\scala-2.12.21\torneo-twenty-one\classes ...[0m
[0m[[0m[0mdebug[0m] [0m[0mjsonRpcNotify: JsonRpcNotificationMessage(2.0, build/logMessage, {"type":3,"message":"compiling 1 Scala source to C:\\Users\\AlumnoM_AI\\Desktop\\Clases\\17-09-2026\\borradores\\Parte3_proyectoscala\\torneo-twenty-one\\target\\out\\jvm\\scala-2.12.21\\torneo-twenty-one\\classes ..."})[0m
[0m[[0m[0mdebug[0m] [0m[0mjsonRpcNotify: JsonRpcNotificationMessage(2.0, build/taskProgress, {"taskId":{"id":"44","parents":[]},"eventTime":1789637543948,"message":"Compiling torneo-twenty-one (15%)","total":26,"progress":15,"dataKind":"compile-progress","data":{"target":{"uri":"file:/C:/Users/AlumnoM_AI/Desktop/Clases/17-09-2026/borradores/Parte3_proyectoscala/torneo-twenty-one/#torneo-twenty-one/Compile"}}})[0m
[0m[[0m[0mdebug[0m] [0m[0mjsonRpcNotify: JsonRpcNotificationMessage(2.0, build/taskProgress, {"taskId":{"id":"44","parents":[]},"eventTime":1789637543948,"message":"Compiling torneo-twenty-one (15%)","total":26,"progress":15,"dataKind":"compile-progress","data":{"target":{"uri":"file:/C:/Users/AlumnoM_AI/Desktop/Clases/17-09-2026/borradores/Parte3_proyectoscala/torneo-twenty-one/#torneo-twenty-one/Compile"}}})[0m
[0m[[0m[0mdebug[0m] [0m[0mjsonRpcNotify: JsonRpcNotificationMessage(2.0, build/taskProgress, {"taskId":{"id":"44","parents":[]},"eventTime":1789637543949,"message":"Compiling torneo-twenty-one (30%)","total":26,"progress":30,"dataKind":"compile-progress","data":{"target":{"uri":"file:/C:/Users/AlumnoM_AI/Desktop/Clases/17-09-2026/borradores/Parte3_proyectoscala/torneo-twenty-one/#torneo-twenty-one/Compile"}}})[0m
[0m[[0m[0mdebug[0m] [0m[0mjsonRpcNotify: JsonRpcNotificationMessage(2.0, build/taskProgress, {"taskId":{"id":"44","parents":[]},"eventTime":1789637543949,"message":"Compiling torneo-twenty-one (30%)","total":26,"progress":30,"dataKind":"compile-progress","data":{"target":{"uri":"file:/C:/Users/AlumnoM_AI/Desktop/Clases/17-09-2026/borradores/Parte3_proyectoscala/torneo-twenty-one/#torneo-twenty-one/Compile"}}})[0m
[0m[[0m[0mdebug[0m] [0m[0mjsonRpcNotify: JsonRpcNotificationMessage(2.0, build/taskProgress, {"taskId":{"id":"44","parents":[]},"eventTime":1789637543966,"message":"Compiling torneo-twenty-one (50%)","total":26,"progress":50,"dataKind":"compile-progress","data":{"target":{"uri":"file:/C:/Users/AlumnoM_AI/Desktop/Clases/17-09-2026/borradores/Parte3_proyectoscala/torneo-twenty-one/#torneo-twenty-one/Compile"}}})[0m
[0m[[0m[0mdebug[0m] [0m[0mjsonRpcNotify: JsonRpcNotificationMessage(2.0, build/taskProgress, {"taskId":{"id":"44","parents":[]},"eventTime":1789637543966,"message":"Compiling torneo-twenty-one (50%)","total":26,"progress":50,"dataKind":"compile-progress","data":{"target":{"uri":"file:/C:/Users/AlumnoM_AI/Desktop/Clases/17-09-2026/borradores/Parte3_proyectoscala/torneo-twenty-one/#torneo-twenty-one/Compile"}}})[0m
[0m[[0m[0mdebug[0m] [0m[0mjsonRpcNotify: JsonRpcNotificationMessage(2.0, build/taskProgress, {"taskId":{"id":"44","parents":[]},"eventTime":1789637543991,"message":"Compiling torneo-twenty-one (65%)","total":26,"progress":65,"dataKind":"compile-progress","data":{"target":{"uri":"file:/C:/Users/AlumnoM_AI/Desktop/Clases/17-09-2026/borradores/Parte3_proyectoscala/torneo-twenty-one/#torneo-twenty-one/Compile"}}})[0m
[0m[[0m[0mdebug[0m] [0m[0mjsonRpcNotify: JsonRpcNotificationMessage(2.0, build/taskProgress, {"taskId":{"id":"44","parents":[]},"eventTime":1789637543991,"message":"Compiling torneo-twenty-one (65%)","total":26,"progress":65,"dataKind":"compile-progress","data":{"target":{"uri":"file:/C:/Users/AlumnoM_AI/Desktop/Clases/17-09-2026/borradores/Parte3_proyectoscala/torneo-twenty-one/#torneo-twenty-one/Compile"}}})[0m
[0m[[0m[0mdebug[0m] [0m[0mjsonRpcNotify: JsonRpcNotificationMessage(2.0, build/taskProgress, {"taskId":{"id":"44","parents":[]},"eventTime":1789637543994,"message":"Compiling torneo-twenty-one (80%)","total":26,"progress":80,"dataKind":"compile-progress","data":{"target":{"uri":"file:/C:/Users/AlumnoM_AI/Desktop/Clases/17-09-2026/borradores/Parte3_proyectoscala/torneo-twenty-one/#torneo-twenty-one/Compile"}}})[0m
[0m[[0m[0mdebug[0m] [0m[0mjsonRpcNotify: JsonRpcNotificationMessage(2.0, build/taskProgress, {"taskId":{"id":"44","parents":[]},"eventTime":1789637543994,"message":"Compiling torneo-twenty-one (80%)","total":26,"progress":80,"dataKind":"compile-progress","data":{"target":{"uri":"file:/C:/Users/AlumnoM_AI/Desktop/Clases/17-09-2026/borradores/Parte3_proyectoscala/torneo-twenty-one/#torneo-twenty-one/Compile"}}})[0m
[0m[[0m[0mdebug[0m] [0m[0mjsonRpcNotify: JsonRpcNotificationMessage(2.0, build/taskProgress, {"taskId":{"id":"44","parents":[]},"eventTime":1789637544014,"message":"Compiling torneo-twenty-one (100%)","total":26,"progress":100,"dataKind":"compile-progress","data":{"target":{"uri":"file:/C:/Users/AlumnoM_AI/Desktop/Clases/17-09-2026/borradores/Parte3_proyectoscala/torneo-twenty-one/#torneo-twenty-one/Compile"}}})[0m
[0m[[0m[0mdebug[0m] [0m[0mjsonRpcNotify: JsonRpcNotificationMessage(2.0, build/taskProgress, {"taskId":{"id":"44","parents":[]},"eventTime":1789637544014,"message":"Compiling torneo-twenty-one (100%)","total":26,"progress":100,"dataKind":"compile-progress","data":{"target":{"uri":"file:/C:/Users/AlumnoM_AI/Desktop/Clases/17-09-2026/borradores/Parte3_proyectoscala/torneo-twenty-one/#torneo-twenty-one/Compile"}}})[0m
[0m[[0m[0mdebug[0m] [0m[0mjsonRpcNotify: JsonRpcNotificationMessage(2.0, build/publishDiagnostics, {"textDocument":{"uri":"file:///C:/Users/AlumnoM_AI/Desktop/Clases/17-09-2026/borradores/Parte3_proyectoscala/torneo-twenty-one/src/main/scala/Main.scala"},"buildTarget":{"uri":"file:/C:/Users/AlumnoM_AI/Desktop/Clases/17-09-2026/borradores/Parte3_proyectoscala/torneo-twenty-one/#torneo-twenty-one/Compile"},"diagnostics":[],"reset":true})[0m
[0m[[0m[0mdebug[0m] [0m[0mjsonRpcNotify: JsonRpcNotificationMessage(2.0, build/taskFinish, {"taskId":{"id":"44","parents":[]},"eventTime":1789637544067,"message":"Compiled torneo-twenty-one","status":1,"dataKind":"compile-report","data":{"target":{"uri":"file:/C:/Users/AlumnoM_AI/Desktop/Clases/17-09-2026/borradores/Parte3_proyectoscala/torneo-twenty-one/#torneo-twenty-one/Compile"},"errors":0,"warnings":0,"time":184,"noOp":false}})[0m
[0m[[0m[0mdebug[0m] [0m[0mjsonRpcNotify: JsonRpcNotificationMessage(2.0, sbt/clientJob, {"runInfo":{"jvm":true,"jvmRunInfo":{"args":[],"classpath":[{"path":"file:///C:/Users/AlumnoM_AI/Desktop/Clases/17-09-2026/borradores/Parte3_proyectoscala/torneo-twenty-one/target/bg-jobs/sbt_1ac7f540/job-15/target/afc0cbc5/0f45b93d/torneo-twenty-one_2.12-0.1.0-SNAPSHOT.jar","digest":""},{"path":"file:///C:/Users/AlumnoM_AI/Desktop/Clases/17-09-2026/borradores/Parte3_proyectoscala/torneo-twenty-one/target/bg-jobs/sbt_1ac7f540/target/0e7edf82/cebdc36c/scala-library-2.12.21.jar","digest":""}],"mainClass":"Main","connectInput":true,"javaHome":"file:///C:/Program%20Files/Eclipse%20Adoptium/jdk-17.0.20.101-hotspot","workingDirectory":"file:///C:/Users/AlumnoM_AI/Desktop/Clases/17-09-2026/borradores/Parte3_proyectoscala/torneo-twenty-one","jvmOptions":[],"environmentVariables":{},"inputs":[],"outputs":[]},"windowTitle":"sbt run: default % torneo-twenty-one % 0.1.0-SNAPSHOT"}})[0m
[0m[[0m[0mdebug[0m] [0m[0m> Exec(sbtCompleteExec 4eac4280-0943-44bd-87dd-7a676dad2088, None, None)[0m
[0m[[0m[0mdebug[0m] [0m[0m> Exec(resumeFromFailure, None, None)[0m
[0m[[0m[0mdebug[0m] [0m[0m> Exec(sbtPopOnFailure, None, None)[0m
[0m[[0m[0mdebug[0m] [0m[0m> Exec(sbtReportResult 4eac4280-0943-44bd-87dd-7a676dad2088, Some(4eac4280-0943-44bd-87dd-7a676dad2088), Some(CommandSource(network-44)))[0m
[0m[[0m[0mdebug[0m] [0m[0mjsonRpcNotify: JsonRpcNotificationMessage(2.0, build/logMessage, {"type":4,"message":"Processing sbt/exec"})[0m
[0m[[0m[0mdebug[0m] [0m[0m> Exec(shell, None, None)[0m
[0m[[0m[0mdebug[0m] [0m[0mjsonRpcNotify: JsonRpcNotificationMessage(2.0, shutdown, [false,null])[0m
